[    1283ms] [WARNING] A preload for 'https://fiverr-res.cloudinary.com/image/upload/f_auto,q_auto/v1/attachments/generic_asset/asset/044630cc230d81edf3cc226212308295-1744042923926/hero.png' is found, but is not used because the request credentials mode does not match. Consider taking a look at crossorigin attribute. @ https://www.fiverr.com/:34
[    2122ms] [LOG] %c EvalError
    at lK (https://client.px-cdn.net/PXK3bezZfO/main.min.js:2:76467)
    at nM (https://client.px-cdn.net/PXK3bezZfO/main.min.js:2:82975)
    at IB (https://client.px-cdn.net/PXK3bezZfO/main.min.js:5:16703)
    at Iz (https://client.px-cdn.net/PXK3bezZfO/main.min.js:5:16314)
    at https://client.px-cdn.net/PXK3bezZfO/main.min.js:5:18046
    at https://client.px-cdn.net/PXK3bezZfO/main.min.js:5:18052
    at https://client.px-cdn.net/PXK3bezZfO/main.min.js:5:18517 @ https://client.px-cdn.net/PXK3bezZfO/main.min.js:1
[    5945ms] [WARNING] [GSI_LOGGER]: Your client application uses one of the Google One Tap prompt UI status methods that may stop functioning when FedCM becomes mandatory. Refer to the migration guide to update your code accordingly and opt-in to FedCM to test your changes. Learn more: https://developers.google.com/identity/gsi/web/guides/fedcm-migration?s=dc#display_moment and https://developers.google.com/identity/gsi/web/guides/fedcm-migration?s=dc#skipped_moment @ https://accounts.google.com/gsi/client:84
[    6039ms] [ERROR] Not signed in with the identity provider. @ https://www.fiverr.com/:0
[    7944ms] [ERROR] Attestation check for Attribution Reporting on https://trc.taboola.com failed. @ https://www.fiverr.com/:0
[    8203ms] [ERROR] Attestation check for Attribution Reporting on https://q.quora.com failed. @ https://www.fiverr.com/:0
[    9465ms] [WARNING] [TikTok Pixel] - Missing "value" parameter
Issue: Events shared are missing a 'value' parameter'. This is used calculate ROAS for people and the bid for your highest value customers. 
Suggestion: Go to your source code and include the "value" parameter. See https://ads.tiktok.com/help/article/standard-events-parameters?redirected=2 for more information. @ https://analytics.tiktok.com/i18n/pixel/static/main.MWJkOTJmOWRkMQ.js:0
[    9468ms] [WARNING] [TikTok Pixel] - Missing "value" parameter
Issue: Events shared are missing a 'value' parameter'. This is used calculate ROAS for people and the bid for your highest value customers. 
Suggestion: Go to your source code and include the "value" parameter. See https://ads.tiktok.com/help/article/standard-events-parameters?redirected=2 for more information. @ https://analytics.tiktok.com/i18n/pixel/static/main.MWJkOTJmOWRkMQ.js:0
[    9470ms] [WARNING] [TikTok Pixel] - Missing "value" parameter
Issue: Events shared are missing a 'value' parameter'. This is used calculate ROAS for people and the bid for your highest value customers. 
Suggestion: Go to your source code and include the "value" parameter. See https://ads.tiktok.com/help/article/standard-events-parameters?redirected=2 for more information. @ https://analytics.tiktok.com/i18n/pixel/static/main.MWJkOTJmOWRkMQ.js:0
[    9471ms] [WARNING] [TikTok Pixel] - Missing "value" parameter
Issue: Events shared are missing a 'value' parameter'. This is used calculate ROAS for people and the bid for your highest value customers. 
Suggestion: Go to your source code and include the "value" parameter. See https://ads.tiktok.com/help/article/standard-events-parameters?redirected=2 for more information. @ https://analytics.tiktok.com/i18n/pixel/static/main.MWJkOTJmOWRkMQ.js:0
[    9921ms] [WARNING] The resource https://fiverr-res.cloudinary.com/image/upload/f_auto,q_auto/v1/attachments/generic_asset/asset/044630cc230d81edf3cc226212308295-1744042923926/hero.png was preloaded using link preload but not used within a few seconds from the window's load event. Please make sure it has an appropriate `as` value and it is preloaded intentionally. @ https://www.fiverr.com/:0
[   12275ms] [ERROR] [GSI_LOGGER]: FedCM get() rejects with NetworkError: Error retrieving a token. @ https://accounts.google.com/gsi/client:85
[   23170ms] [WARNING] The resource https://fiverr-res.cloudinary.com/image/upload/f_auto,q_auto/v1/attachments/generic_asset/asset/044630cc230d81edf3cc226212308295-1744042923926/hero.png was preloaded using link preload but not used within a few seconds from the window's load event. Please make sure it has an appropriate `as` value and it is preloaded intentionally. @ https://www.fiverr.com/:0
[   33722ms] [WARNING] The resource https://fiverr-res.cloudinary.com/image/upload/f_auto,q_auto/v1/attachments/generic_asset/asset/044630cc230d81edf3cc226212308295-1744042923926/hero.png was preloaded using link preload but not used within a few seconds from the window's load event. Please make sure it has an appropriate `as` value and it is preloaded intentionally. @ https://www.fiverr.com/:0
[   40604ms] [WARNING] The resource https://fiverr-res.cloudinary.com/image/upload/f_auto,q_auto/v1/attachments/generic_asset/asset/044630cc230d81edf3cc226212308295-1744042923926/hero.png was preloaded using link preload but not used within a few seconds from the window's load event. Please make sure it has an appropriate `as` value and it is preloaded intentionally. @ https://www.fiverr.com/:0
[   42541ms] [ERROR] Attestation check for Attribution Reporting on https://trc.taboola.com failed. @ https://www.fiverr.com/:0
[   45553ms] [WARNING] The resource https://fiverr-res.cloudinary.com/image/upload/f_auto,q_auto/v1/attachments/generic_asset/asset/044630cc230d81edf3cc226212308295-1744042923926/hero.png was preloaded using link preload but not used within a few seconds from the window's load event. Please make sure it has an appropriate `as` value and it is preloaded intentionally. @ https://www.fiverr.com/:0
[   50651ms] [WARNING] The resource https://fiverr-res.cloudinary.com/image/upload/f_auto,q_auto/v1/attachments/generic_asset/asset/044630cc230d81edf3cc226212308295-1744042923926/hero.png was preloaded using link preload but not used within a few seconds from the window's load event. Please make sure it has an appropriate `as` value and it is preloaded intentionally. @ https://www.fiverr.com/:0
[   58436ms] [ERROR] Failed to load resource: net::ERR_TIMED_OUT @ https://api-js.mixpanel.com/track/?verbose=1&ip=1&_=1779610488841:0
[   61437ms] [WARNING] The resource https://fiverr-res.cloudinary.com/image/upload/f_auto,q_auto/v1/attachments/generic_asset/asset/044630cc230d81edf3cc226212308295-1744042923926/hero.png was preloaded using link preload but not used within a few seconds from the window's load event. Please make sure it has an appropriate `as` value and it is preloaded intentionally. @ https://www.fiverr.com/:0
[   71287ms] [WARNING] The resource https://fiverr-res.cloudinary.com/image/upload/f_auto,q_auto/v1/attachments/generic_asset/asset/044630cc230d81edf3cc226212308295-1744042923926/hero.png was preloaded using link preload but not used within a few seconds from the window's load event. Please make sure it has an appropriate `as` value and it is preloaded intentionally. @ https://www.fiverr.com/:0
[   80714ms] [WARNING] The resource https://fiverr-res.cloudinary.com/image/upload/f_auto,q_auto/v1/attachments/generic_asset/asset/044630cc230d81edf3cc226212308295-1744042923926/hero.png was preloaded using link preload but not used within a few seconds from the window's load event. Please make sure it has an appropriate `as` value and it is preloaded intentionally. @ https://www.fiverr.com/:0
[   90735ms] [WARNING] The resource https://fiverr-res.cloudinary.com/image/upload/f_auto,q_auto/v1/attachments/generic_asset/asset/044630cc230d81edf3cc226212308295-1744042923926/hero.png was preloaded using link preload but not used within a few seconds from the window's load event. Please make sure it has an appropriate `as` value and it is preloaded intentionally. @ https://www.fiverr.com/:0
[   95165ms] [WARNING] The resource https://fiverr-res.cloudinary.com/image/upload/f_auto,q_auto/v1/attachments/generic_asset/asset/044630cc230d81edf3cc226212308295-1744042923926/hero.png was preloaded using link preload but not used within a few seconds from the window's load event. Please make sure it has an appropriate `as` value and it is preloaded intentionally. @ https://www.fiverr.com/:0
[  100736ms] [WARNING] The resource https://fiverr-res.cloudinary.com/image/upload/f_auto,q_auto/v1/attachments/generic_asset/asset/044630cc230d81edf3cc226212308295-1744042923926/hero.png was preloaded using link preload but not used within a few seconds from the window's load event. Please make sure it has an appropriate `as` value and it is preloaded intentionally. @ https://www.fiverr.com/:0
