[     109ms] [VERBOSE] [DOM] Input elements should have autocomplete attributes (suggested: "current-password"): (More info: https://goo.gl/9p2vKq) %o @ https://web.viteplusmono.test/auth/sign-in:0
[     166ms] [INFO] %cDownload the React DevTools for a better development experience: https://react.dev/link/react-devtools font-weight:bold @ https://web.viteplusmono.test/_next/static/chunks/0c2-_next_dist_0otjl-h._.js:2431
[     200ms] [LOG] [HMR] connected @ https://web.viteplusmono.test/_next/static/chunks/0c2-_next_dist_0otjl-h._.js:2431
[    9215ms] [VERBOSE] [DOM] Input elements should have autocomplete attributes (suggested: "current-password"): (More info: https://goo.gl/9p2vKq) %o @ https://web.viteplusmono.test/auth/sign-in?callbackUrl=%2Fdashboard:0
[    9222ms] [INFO] %cDownload the React DevTools for a better development experience: https://react.dev/link/react-devtools font-weight:bold @ https://web.viteplusmono.test/_next/static/chunks/0c2-_next_dist_0otjl-h._.js:2431
[    9256ms] [LOG] [HMR] connected @ https://web.viteplusmono.test/_next/static/chunks/0c2-_next_dist_0otjl-h._.js:2431
[  373843ms] [LOG] [Fast Refresh] rebuilding @ https://web.viteplusmono.test/_next/static/chunks/0c2-_next_dist_0otjl-h._.js:2431
[  373854ms] [LOG] [Fast Refresh] done in 121ms @ https://web.viteplusmono.test/_next/static/chunks/0c2-_next_dist_0otjl-h._.js:2431
[  379012ms] [LOG] [Fast Refresh] rebuilding @ https://web.viteplusmono.test/_next/static/chunks/0c2-_next_dist_0otjl-h._.js:2431
[  379063ms] [LOG] [Fast Refresh] done in 153ms @ https://web.viteplusmono.test/_next/static/chunks/0c2-_next_dist_0otjl-h._.js:2431
[  399126ms] [LOG] [Fast Refresh] rebuilding @ https://web.viteplusmono.test/_next/static/chunks/0c2-_next_dist_0otjl-h._.js:2431
[  399158ms] [LOG] [Fast Refresh] done in 145ms @ https://web.viteplusmono.test/_next/static/chunks/0c2-_next_dist_0otjl-h._.js:2431
[  399320ms] [INFO] %cDownload the React DevTools for a better development experience: https://react.dev/link/react-devtools font-weight:bold @ https://web.viteplusmono.test/_next/static/chunks/0c2-_next_dist_0otjl-h._.js:2431
[  399405ms] [LOG] [HMR] connected @ https://web.viteplusmono.test/_next/static/chunks/0c2-_next_dist_0otjl-h._.js:2431
[  399762ms] [ERROR] Failed to load resource: the server responded with a status of 404 () @ https://api.viteplusmono.test/v1/api/bookings:0
[  400787ms] [ERROR] Failed to load resource: the server responded with a status of 404 () @ https://api.viteplusmono.test/v1/api/bookings:0
[  426470ms] [LOG] [Fast Refresh] rebuilding @ https://web.viteplusmono.test/_next/static/chunks/0c2-_next_dist_0otjl-h._.js:2431
[  426471ms] [LOG] [Fast Refresh] done in 116ms @ https://web.viteplusmono.test/_next/static/chunks/0c2-_next_dist_0otjl-h._.js:2431
[  439651ms] [LOG] [Fast Refresh] rebuilding @ https://web.viteplusmono.test/_next/static/chunks/0c2-_next_dist_0otjl-h._.js:2431
[  439669ms] [LOG] [Fast Refresh] done in 121ms @ https://web.viteplusmono.test/_next/static/chunks/0c2-_next_dist_0otjl-h._.js:2431
[  439702ms] [ERROR] Failed to load resource: the server responded with a status of 404 () @ https://api.viteplusmono.test/v1/api/customers/me:0
[  439707ms] [ERROR] Failed to load resource: the server responded with a status of 404 () @ https://api.viteplusmono.test/v1/api/bookings:0
[  439713ms] [ERROR] Failed to load resource: the server responded with a status of 404 () @ https://api.viteplusmono.test/v1/api/customers/me/addresses:0
[  440730ms] [ERROR] Failed to load resource: the server responded with a status of 404 () @ https://api.viteplusmono.test/v1/api/customers/me:0
[  440782ms] [ERROR] Failed to load resource: the server responded with a status of 404 () @ https://api.viteplusmono.test/v1/api/bookings:0
[  440783ms] [ERROR] Failed to load resource: the server responded with a status of 404 () @ https://api.viteplusmono.test/v1/api/customers/me/addresses:0
[  448173ms] [LOG] [Fast Refresh] rebuilding @ https://web.viteplusmono.test/_next/static/chunks/0c2-_next_dist_0otjl-h._.js:2431
[  448208ms] [LOG] [Fast Refresh] done in 136ms @ https://web.viteplusmono.test/_next/static/chunks/0c2-_next_dist_0otjl-h._.js:2431
[  489075ms] [VERBOSE] [DOM] Input elements should have autocomplete attributes (suggested: "current-password"): (More info: https://goo.gl/9p2vKq) %o @ https://web.viteplusmono.test/auth/sign-in?callbackUrl=%2Fprofile:0
[  504116ms] [INFO] %cDownload the React DevTools for a better development experience: https://react.dev/link/react-devtools font-weight:bold @ https://web.viteplusmono.test/_next/static/chunks/0c2-_next_dist_0otjl-h._.js:2431
[  504250ms] [LOG] [HMR] connected @ https://web.viteplusmono.test/_next/static/chunks/0c2-_next_dist_0otjl-h._.js:2431
[  504536ms] [VERBOSE] [DOM] Input elements should have autocomplete attributes (suggested: "current-password"): (More info: https://goo.gl/9p2vKq) %o @ https://web.viteplusmono.test/auth/sign-in?callbackUrl=%2Fprofile:0
[  540267ms] [ERROR] Failed to load resource: the server responded with a status of 401 () @ https://api.viteplusmono.test/v1/api/auth/sign-in/email:0
[  549902ms] [LOG] [Fast Refresh] rebuilding @ https://web.viteplusmono.test/_next/static/chunks/0c2-_next_dist_0otjl-h._.js:2431
[  549919ms] [LOG] [Fast Refresh] done in 119ms @ https://web.viteplusmono.test/_next/static/chunks/0c2-_next_dist_0otjl-h._.js:2431
