[    1889ms] [INFO] %cDownload the React DevTools for a better development experience: https://react.dev/link/react-devtools font-weight:bold @ http://localhost:3000/_next/static/chunks/0c2-_next_dist_0otjl-h._.js:2431
[    1948ms] [LOG] [HMR] connected @ http://localhost:3000/_next/static/chunks/0c2-_next_dist_0otjl-h._.js:2431
[    2087ms] [ERROR] Access to fetch at 'https://api.viteplusmono.test/v1/api/auth/get-session' from origin 'http://localhost:3000' has been blocked by CORS policy: No 'Access-Control-Allow-Origin' header is present on the requested resource. @ http://localhost:3000/admin:0
[    2088ms] [ERROR] Failed to load resource: net::ERR_FAILED @ https://api.viteplusmono.test/v1/api/auth/get-session:0
[  182673ms] [LOG] [Fast Refresh] rebuilding @ http://localhost:3000/_next/static/chunks/0c2-_next_dist_0otjl-h._.js:2431
[  305577ms] [VERBOSE] [DOM] Input elements should have autocomplete attributes (suggested: "current-password"): (More info: https://goo.gl/9p2vKq) %o @ http://localhost:3000/auth/sign-in?callbackUrl=%2Fdashboard:0
[  305603ms] [INFO] %cDownload the React DevTools for a better development experience: https://react.dev/link/react-devtools font-weight:bold @ http://localhost:3000/_next/static/chunks/0c2-_next_dist_0otjl-h._.js:2431
[  305628ms] [LOG] [HMR] connected @ http://localhost:3000/_next/static/chunks/0c2-_next_dist_0otjl-h._.js:2431
[  307762ms] [INFO] %cDownload the React DevTools for a better development experience: https://react.dev/link/react-devtools font-weight:bold @ http://localhost:3000/_next/static/chunks/0c2-_next_dist_0otjl-h._.js:2431
[  307785ms] [LOG] [HMR] connected @ http://localhost:3000/_next/static/chunks/0c2-_next_dist_0otjl-h._.js:2431
[  393750ms] [ERROR] WebSocket connection to 'ws://localhost:3000/_next/webpack-hmr?id=O6DOb-Am9tVhN6n9akQQn' failed: Error in connection establishment: net::ERR_CONNECTION_REFUSED @ http://localhost:3000/_next/static/chunks/0c2-_next_dist_client_0_ias.5._.js:13299
[  397118ms] [ERROR] WebSocket connection to 'ws://localhost:3000/_next/webpack-hmr?id=O6DOb-Am9tVhN6n9akQQn' failed: Error in connection establishment: net::ERR_CONNECTION_REFUSED @ http://localhost:3000/_next/static/chunks/0c2-_next_dist_client_0_ias.5._.js:13299
[  400476ms] [ERROR] WebSocket connection to 'ws://localhost:3000/_next/webpack-hmr?id=O6DOb-Am9tVhN6n9akQQn' failed: Error in connection establishment: net::ERR_CONNECTION_REFUSED @ http://localhost:3000/_next/static/chunks/0c2-_next_dist_client_0_ias.5._.js:13299
[  403835ms] [ERROR] WebSocket connection to 'ws://localhost:3000/_next/webpack-hmr?id=O6DOb-Am9tVhN6n9akQQn' failed: Error in connection establishment: net::ERR_CONNECTION_REFUSED @ http://localhost:3000/_next/static/chunks/0c2-_next_dist_client_0_ias.5._.js:13299
[  407200ms] [ERROR] WebSocket connection to 'ws://localhost:3000/_next/webpack-hmr?id=O6DOb-Am9tVhN6n9akQQn' failed: Error in connection establishment: net::ERR_CONNECTION_REFUSED @ http://localhost:3000/_next/static/chunks/0c2-_next_dist_client_0_ias.5._.js:13299
[  414567ms] [ERROR] WebSocket connection to 'ws://localhost:3000/_next/webpack-hmr?id=O6DOb-Am9tVhN6n9akQQn' failed: Error in connection establishment: net::ERR_CONNECTION_REFUSED @ http://localhost:3000/_next/static/chunks/0c2-_next_dist_client_0_ias.5._.js:13299
[  421934ms] [ERROR] WebSocket connection to 'ws://localhost:3000/_next/webpack-hmr?id=O6DOb-Am9tVhN6n9akQQn' failed: Error in connection establishment: net::ERR_CONNECTION_REFUSED @ http://localhost:3000/_next/static/chunks/0c2-_next_dist_client_0_ias.5._.js:13299
[  429267ms] [ERROR] WebSocket connection to 'ws://localhost:3000/_next/webpack-hmr?id=O6DOb-Am9tVhN6n9akQQn' failed: Error in connection establishment: net::ERR_CONNECTION_REFUSED @ http://localhost:3000/_next/static/chunks/0c2-_next_dist_client_0_ias.5._.js:13299
[  436631ms] [ERROR] WebSocket connection to 'ws://localhost:3000/_next/webpack-hmr?id=O6DOb-Am9tVhN6n9akQQn' failed: Error in connection establishment: net::ERR_CONNECTION_REFUSED @ http://localhost:3000/_next/static/chunks/0c2-_next_dist_client_0_ias.5._.js:13299
[  443991ms] [ERROR] WebSocket connection to 'ws://localhost:3000/_next/webpack-hmr?id=O6DOb-Am9tVhN6n9akQQn' failed: Error in connection establishment: net::ERR_CONNECTION_REFUSED @ http://localhost:3000/_next/static/chunks/0c2-_next_dist_client_0_ias.5._.js:13299
[  451333ms] [ERROR] WebSocket connection to 'ws://localhost:3000/_next/webpack-hmr?id=O6DOb-Am9tVhN6n9akQQn' failed: Error in connection establishment: net::ERR_CONNECTION_REFUSED @ http://localhost:3000/_next/static/chunks/0c2-_next_dist_client_0_ias.5._.js:13299
[  458696ms] [ERROR] WebSocket connection to 'ws://localhost:3000/_next/webpack-hmr?id=O6DOb-Am9tVhN6n9akQQn' failed: Error in connection establishment: net::ERR_CONNECTION_REFUSED @ http://localhost:3000/_next/static/chunks/0c2-_next_dist_client_0_ias.5._.js:13299
