[     127ms] [LOG] [Fast Refresh] rebuilding @ https://web.viteplusmono.test/_next/static/chunks/0c2-_next_dist_0otjl-h._.js:2431
[     134ms] [LOG] [Fast Refresh] done in 120ms @ https://web.viteplusmono.test/_next/static/chunks/0c2-_next_dist_0otjl-h._.js:2431
[     222ms] [INFO] %cDownload the React DevTools for a better development experience: https://react.dev/link/react-devtools font-weight:bold @ https://web.viteplusmono.test/_next/static/chunks/0c2-_next_dist_0otjl-h._.js:2431
[     244ms] [LOG] [HMR] connected @ https://web.viteplusmono.test/_next/static/chunks/0c2-_next_dist_0otjl-h._.js:2431
[     389ms] [ERROR] Failed to load resource: the server responded with a status of 404 () @ https://api.viteplusmono.test/v1/api/customers/me:0
[     389ms] [ERROR] Failed to load resource: the server responded with a status of 404 () @ https://api.viteplusmono.test/v1/api/bookings:0
[     391ms] [ERROR] Failed to load resource: the server responded with a status of 404 () @ https://api.viteplusmono.test/v1/api/customers/me/addresses:0
[    1408ms] [ERROR] Failed to load resource: the server responded with a status of 404 () @ https://api.viteplusmono.test/v1/api/customers/me:0
[    1418ms] [ERROR] Failed to load resource: the server responded with a status of 404 () @ https://api.viteplusmono.test/v1/api/bookings:0
[    1418ms] [ERROR] Failed to load resource: the server responded with a status of 404 () @ https://api.viteplusmono.test/v1/api/customers/me/addresses:0
[  687202ms] [ERROR] WebSocket connection to 'wss://web.viteplusmono.test/_next/webpack-hmr?id=uJqgwmJOT82jHOKm8hVsd' failed: Error in connection establishment: net::ERR_NAME_NOT_RESOLVED @ https://web.viteplusmono.test/_next/static/chunks/0c2-_next_dist_client_0_ias.5._.js:13299
[  688214ms] [ERROR] WebSocket connection to 'wss://web.viteplusmono.test/_next/webpack-hmr?id=uJqgwmJOT82jHOKm8hVsd' failed: Error in connection establishment: net::ERR_NAME_NOT_RESOLVED @ https://web.viteplusmono.test/_next/static/chunks/0c2-_next_dist_client_0_ias.5._.js:13299
[  689230ms] [ERROR] WebSocket connection to 'wss://web.viteplusmono.test/_next/webpack-hmr?id=uJqgwmJOT82jHOKm8hVsd' failed: Error in connection establishment: net::ERR_NAME_NOT_RESOLVED @ https://web.viteplusmono.test/_next/static/chunks/0c2-_next_dist_client_0_ias.5._.js:13299
[  690254ms] [ERROR] WebSocket connection to 'wss://web.viteplusmono.test/_next/webpack-hmr?id=uJqgwmJOT82jHOKm8hVsd' failed: Error in connection establishment: net::ERR_NAME_NOT_RESOLVED @ https://web.viteplusmono.test/_next/static/chunks/0c2-_next_dist_client_0_ias.5._.js:13299
[  691271ms] [ERROR] WebSocket connection to 'wss://web.viteplusmono.test/_next/webpack-hmr?id=uJqgwmJOT82jHOKm8hVsd' failed: Error in connection establishment: net::ERR_NAME_NOT_RESOLVED @ https://web.viteplusmono.test/_next/static/chunks/0c2-_next_dist_client_0_ias.5._.js:13299
[  696287ms] [ERROR] WebSocket connection to 'wss://web.viteplusmono.test/_next/webpack-hmr?id=uJqgwmJOT82jHOKm8hVsd' failed: Error in connection establishment: net::ERR_NAME_NOT_RESOLVED @ https://web.viteplusmono.test/_next/static/chunks/0c2-_next_dist_client_0_ias.5._.js:13299
[  701338ms] [ERROR] WebSocket connection to 'wss://web.viteplusmono.test/_next/webpack-hmr?id=uJqgwmJOT82jHOKm8hVsd' failed: Error in connection establishment: net::ERR_NAME_NOT_RESOLVED @ https://web.viteplusmono.test/_next/static/chunks/0c2-_next_dist_client_0_ias.5._.js:13299
[  706367ms] [ERROR] WebSocket connection to 'wss://web.viteplusmono.test/_next/webpack-hmr?id=uJqgwmJOT82jHOKm8hVsd' failed: Error in connection establishment: net::ERR_NAME_NOT_RESOLVED @ https://web.viteplusmono.test/_next/static/chunks/0c2-_next_dist_client_0_ias.5._.js:13299
[  711398ms] [ERROR] WebSocket connection to 'wss://web.viteplusmono.test/_next/webpack-hmr?id=uJqgwmJOT82jHOKm8hVsd' failed: Error in connection establishment: net::ERR_NAME_NOT_RESOLVED @ https://web.viteplusmono.test/_next/static/chunks/0c2-_next_dist_client_0_ias.5._.js:13299
[  716444ms] [ERROR] WebSocket connection to 'wss://web.viteplusmono.test/_next/webpack-hmr?id=uJqgwmJOT82jHOKm8hVsd' failed: Error in connection establishment: net::ERR_NAME_NOT_RESOLVED @ https://web.viteplusmono.test/_next/static/chunks/0c2-_next_dist_client_0_ias.5._.js:13299
[  721547ms] [ERROR] WebSocket connection to 'wss://web.viteplusmono.test/_next/webpack-hmr?id=uJqgwmJOT82jHOKm8hVsd' failed: Error in connection establishment: net::ERR_NAME_NOT_RESOLVED @ https://web.viteplusmono.test/_next/static/chunks/0c2-_next_dist_client_0_ias.5._.js:13299
[  726623ms] [ERROR] WebSocket connection to 'wss://web.viteplusmono.test/_next/webpack-hmr?id=uJqgwmJOT82jHOKm8hVsd' failed: Error in connection establishment: net::ERR_NAME_NOT_RESOLVED @ https://web.viteplusmono.test/_next/static/chunks/0c2-_next_dist_client_0_ias.5._.js:13299
[  726634ms] [ERROR] Failed to load resource: the server responded with a status of 404 () @ https://web.viteplusmono.test/profile:0
