[     120ms] [LOG] [Fast Refresh] rebuilding @ https://web.viteplusmono.test/_next/static/chunks/0c2-_next_dist_0otjl-h._.js:2431
[     125ms] [LOG] [Fast Refresh] done in 106ms @ https://web.viteplusmono.test/_next/static/chunks/0c2-_next_dist_0otjl-h._.js:2431
[     202ms] [INFO] %cDownload the React DevTools for a better development experience: https://react.dev/link/react-devtools font-weight:bold @ https://web.viteplusmono.test/_next/static/chunks/0c2-_next_dist_0otjl-h._.js:2431
[     223ms] [LOG] [HMR] connected @ https://web.viteplusmono.test/_next/static/chunks/0c2-_next_dist_0otjl-h._.js:2431
[    4536ms] [VERBOSE] [DOM] Input elements should have autocomplete attributes (suggested: "new-password"): (More info: https://goo.gl/9p2vKq) %o @ https://web.viteplusmono.test/auth/sign-up:0
[    4536ms] [VERBOSE] [DOM] Input elements should have autocomplete attributes (suggested: "new-password"): (More info: https://goo.gl/9p2vKq) %o @ https://web.viteplusmono.test/auth/sign-up:0
[  885342ms] [LOG] [Fast Refresh] rebuilding @ https://web.viteplusmono.test/_next/static/chunks/0c2-_next_dist_0otjl-h._.js:2431
[  885384ms] [LOG] [Fast Refresh] done in 148ms @ https://web.viteplusmono.test/_next/static/chunks/0c2-_next_dist_0otjl-h._.js:2431
[ 1048684ms] [LOG] [Fast Refresh] rebuilding @ https://web.viteplusmono.test/_next/static/chunks/0c2-_next_dist_0otjl-h._.js:2431
[ 1049568ms] [LOG] [Fast Refresh] done in 994ms @ https://web.viteplusmono.test/_next/static/chunks/0c2-_next_dist_0otjl-h._.js:2431
[ 1057920ms] [LOG] [Fast Refresh] rebuilding @ https://web.viteplusmono.test/_next/static/chunks/0c2-_next_dist_0otjl-h._.js:2431
[ 1058799ms] [LOG] [Fast Refresh] done in 980ms @ https://web.viteplusmono.test/_next/static/chunks/0c2-_next_dist_0otjl-h._.js:2431
[ 1058906ms] [LOG] [Fast Refresh] rebuilding @ https://web.viteplusmono.test/_next/static/chunks/0c2-_next_dist_0otjl-h._.js:2431
[ 1058907ms] [LOG] [Fast Refresh] done in 107ms @ https://web.viteplusmono.test/_next/static/chunks/0c2-_next_dist_0otjl-h._.js:2431
[ 1094818ms] [LOG] [Fast Refresh] rebuilding @ https://web.viteplusmono.test/_next/static/chunks/0c2-_next_dist_0otjl-h._.js:2431
[ 1095637ms] [LOG] [Fast Refresh] done in 927ms @ https://web.viteplusmono.test/_next/static/chunks/0c2-_next_dist_0otjl-h._.js:2431
[ 1096056ms] [LOG] [Fast Refresh] rebuilding @ https://web.viteplusmono.test/_next/static/chunks/0c2-_next_dist_0otjl-h._.js:2431
[ 1096085ms] [LOG] [Fast Refresh] done in 130ms @ https://web.viteplusmono.test/_next/static/chunks/0c2-_next_dist_0otjl-h._.js:2431
[ 7063742ms] [LOG] [HMR] connected @ https://web.viteplusmono.test/_next/static/chunks/0c2-_next_dist_0otjl-h._.js:2431
[14365411ms] [LOG] [HMR] connected @ https://web.viteplusmono.test/_next/static/chunks/0c2-_next_dist_0otjl-h._.js:2431
[14532991ms] [LOG] [Fast Refresh] rebuilding @ https://web.viteplusmono.test/_next/static/chunks/0c2-_next_dist_0otjl-h._.js:2431
[14533013ms] [LOG] [Fast Refresh] done in 125ms @ https://web.viteplusmono.test/_next/static/chunks/0c2-_next_dist_0otjl-h._.js:2431
[14554479ms] [LOG] [Fast Refresh] rebuilding @ https://web.viteplusmono.test/_next/static/chunks/0c2-_next_dist_0otjl-h._.js:2431
[14554487ms] [LOG] [Fast Refresh] done in 116ms @ https://web.viteplusmono.test/_next/static/chunks/0c2-_next_dist_0otjl-h._.js:2431
[14847520ms] [LOG] [Fast Refresh] rebuilding @ https://web.viteplusmono.test/_next/static/chunks/0c2-_next_dist_0otjl-h._.js:2431
[14847524ms] [LOG] [Fast Refresh] done in 105ms @ https://web.viteplusmono.test/_next/static/chunks/0c2-_next_dist_0otjl-h._.js:2431
[14996570ms] [LOG] [Fast Refresh] rebuilding @ https://web.viteplusmono.test/_next/static/chunks/0c2-_next_dist_0otjl-h._.js:2431
[14997603ms] [LOG] [Fast Refresh] done in 1134ms @ https://web.viteplusmono.test/_next/static/chunks/0c2-_next_dist_0otjl-h._.js:2431
[16710724ms] [LOG] [Fast Refresh] rebuilding @ https://web.viteplusmono.test/_next/static/chunks/0c2-_next_dist_0otjl-h._.js:2431
[16710788ms] [LOG] [Fast Refresh] done in 168ms @ https://web.viteplusmono.test/_next/static/chunks/0c2-_next_dist_0otjl-h._.js:2431
[16715972ms] [LOG] [Fast Refresh] rebuilding @ https://web.viteplusmono.test/_next/static/chunks/0c2-_next_dist_0otjl-h._.js:2431
[16717017ms] [LOG] [Fast Refresh] done in 1156ms @ https://web.viteplusmono.test/_next/static/chunks/0c2-_next_dist_0otjl-h._.js:2431
[16717328ms] [LOG] [Fast Refresh] rebuilding @ https://web.viteplusmono.test/_next/static/chunks/0c2-_next_dist_0otjl-h._.js:2431
[16718075ms] [LOG] [Fast Refresh] done in 860ms @ https://web.viteplusmono.test/_next/static/chunks/0c2-_next_dist_0otjl-h._.js:2431
[16718446ms] [LOG] [Fast Refresh] rebuilding @ https://web.viteplusmono.test/_next/static/chunks/0c2-_next_dist_0otjl-h._.js:2431
[16718917ms] [LOG] [Fast Refresh] done in 573ms @ https://web.viteplusmono.test/_next/static/chunks/0c2-_next_dist_0otjl-h._.js:2431
[16785898ms] [LOG] [Fast Refresh] rebuilding @ https://web.viteplusmono.test/_next/static/chunks/0c2-_next_dist_0otjl-h._.js:2431
[16785904ms] [LOG] [Fast Refresh] done in 117ms @ https://web.viteplusmono.test/_next/static/chunks/0c2-_next_dist_0otjl-h._.js:2431
[16788235ms] [LOG] [Fast Refresh] rebuilding @ https://web.viteplusmono.test/_next/static/chunks/0c2-_next_dist_0otjl-h._.js:2431
[16788302ms] [LOG] [Fast Refresh] done in 186ms @ https://web.viteplusmono.test/_next/static/chunks/0c2-_next_dist_0otjl-h._.js:2431
[16821680ms] [LOG] [Fast Refresh] rebuilding @ https://web.viteplusmono.test/_next/static/chunks/0c2-_next_dist_0otjl-h._.js:2431
[16821751ms] [LOG] [Fast Refresh] done in 180ms @ https://web.viteplusmono.test/_next/static/chunks/0c2-_next_dist_0otjl-h._.js:2431
[16924686ms] [LOG] [Fast Refresh] rebuilding @ https://web.viteplusmono.test/_next/static/chunks/0c2-_next_dist_0otjl-h._.js:2431
[16924752ms] [LOG] [Fast Refresh] done in 170ms @ https://web.viteplusmono.test/_next/static/chunks/0c2-_next_dist_0otjl-h._.js:2431
[16926900ms] [LOG] [Fast Refresh] rebuilding @ https://web.viteplusmono.test/_next/static/chunks/0c2-_next_dist_0otjl-h._.js:2431
[16926954ms] [LOG] [Fast Refresh] done in 159ms @ https://web.viteplusmono.test/_next/static/chunks/0c2-_next_dist_0otjl-h._.js:2431
